[2026-05-29T00:35:02.892+0000] {local_task_job_runner.py:123} INFO - ::group::Pre task execution logs
[2026-05-29T00:35:02.928+0000] {taskinstance.py:2632} INFO - Dependencies all met for dep_context=non-requeueable deps ti=<TaskInstance: agency_ingestion.wait_for_xlsx manual__2026-05-29T00:35:01.780754+00:00 [queued]>
[2026-05-29T00:35:02.939+0000] {taskinstance.py:2632} INFO - Dependencies all met for dep_context=requeueable deps ti=<TaskInstance: agency_ingestion.wait_for_xlsx manual__2026-05-29T00:35:01.780754+00:00 [queued]>
[2026-05-29T00:35:02.940+0000] {taskinstance.py:2885} INFO - Starting attempt 1 of 1
[2026-05-29T00:35:02.956+0000] {taskinstance.py:2908} INFO - Executing <Task(FileSensor): wait_for_xlsx> on 2026-05-29 00:35:01.780754+00:00
[2026-05-29T00:35:02.966+0000] {warnings.py:112} WARNING - /home/***/.local/lib/python3.12/site-packages/***/task/task_runner/standard_task_runner.py:70: DeprecationWarning: This process (pid=192) is multi-threaded, use of fork() may lead to deadlocks in the child.
  pid = os.fork()

[2026-05-29T00:35:02.969+0000] {standard_task_runner.py:72} INFO - Started process 194 to run task
[2026-05-29T00:35:02.969+0000] {standard_task_runner.py:104} INFO - Running: ['***', 'tasks', 'run', 'agency_ingestion', 'wait_for_xlsx', 'manual__2026-05-29T00:35:01.780754+00:00', '--job-id', '39', '--raw', '--subdir', 'DAGS_FOLDER/agency_ingestion_dag.py', '--cfg-path', '/tmp/tmpa7_14a76']
[2026-05-29T00:35:02.970+0000] {standard_task_runner.py:105} INFO - Job 39: Subtask wait_for_xlsx
[2026-05-29T00:35:03.056+0000] {task_command.py:467} INFO - Running <TaskInstance: agency_ingestion.wait_for_xlsx manual__2026-05-29T00:35:01.780754+00:00 [running]> on host 23bc61432137
[2026-05-29T00:35:03.220+0000] {taskinstance.py:3158} INFO - Exporting env vars: AIRFLOW_CTX_DAG_OWNER='entroli' AIRFLOW_CTX_DAG_ID='agency_ingestion' AIRFLOW_CTX_TASK_ID='wait_for_xlsx' AIRFLOW_CTX_EXECUTION_DATE='2026-05-29T00:35:01.780754+00:00' AIRFLOW_CTX_TRY_NUMBER='1' AIRFLOW_CTX_DAG_RUN_ID='manual__2026-05-29T00:35:01.780754+00:00'
[2026-05-29T00:35:03.222+0000] {taskinstance.py:740} INFO - ::endgroup::
[2026-05-29T00:35:03.225+0000] {baseoperator.py:424} WARNING - FileSensor.execute cannot be called outside TaskInstance!
[2026-05-29T00:35:03.309+0000] {base.py:84} INFO - Retrieving connection 'fs_default'
[2026-05-29T00:35:03.311+0000] {filesystem.py:109} INFO - Poking for file /opt/***/data/*.xlsx
[2026-05-29T00:35:03.323+0000] {filesystem.py:113} INFO - Found File /opt/***/data/Agency.xlsx last modified: 20260528050507
[2026-05-29T00:35:03.327+0000] {base.py:339} INFO - Success criteria met. Exiting.
[2026-05-29T00:35:03.328+0000] {filesystem.py:109} INFO - Poking for file /opt/***/data/*.xlsx
[2026-05-29T00:35:03.338+0000] {filesystem.py:113} INFO - Found File /opt/***/data/Agency.xlsx last modified: 20260528050507
[2026-05-29T00:35:03.364+0000] {taskinstance.py:349} INFO - ::group::Post task execution logs
[2026-05-29T00:35:03.365+0000] {taskinstance.py:361} INFO - Marking task as SUCCESS. dag_id=agency_ingestion, task_id=wait_for_xlsx, run_id=manual__2026-05-29T00:35:01.780754+00:00, execution_date=20260529T003501, start_date=20260529T003502, end_date=20260529T003503
[2026-05-29T00:35:03.466+0000] {local_task_job_runner.py:266} INFO - Task exited with return code 0
[2026-05-29T00:35:03.515+0000] {taskinstance.py:3925} INFO - 1 downstream tasks scheduled from follow-on schedule check
[2026-05-29T00:35:03.518+0000] {local_task_job_runner.py:245} INFO - ::endgroup::
